$ wt switch hooks
[2m○[22m Switched to worktree for [1mhooks[22m @ [1m~/w/acme.hooks[22m
[0m
$ git diff --staged --stat
 src/lib.rs        |  1 +
 src/validation.rs | 23 +++++++++++++++++++++++
 2 files changed, 24 insertions(+)

$ wt step commit
[36m◎[39m [36mGenerating commit message and committing changes... [90m(2 files, [32m+25[39m[39m[90m)[39m[39m
[107m [0m [1mfeat: add user settings module[22m
[107m [0m 
[107m [0m Add placeholder module for user profile settings.
[32m✓[39m [32mCommitted changes @ [2m9ba13e6[22m[39m
[0m
$ git log -1
commit 9ba13e68a85c31d8e54949e2cc4a447209a08020
Author: Worktrunk Demo <demo@example.com>
Date:   Thu Sep 17 13:08:15 2026 -0700

    feat: add user settings module
    
    Add placeholder module for user profile settings.
[0m
