$ wt list
  [1mBranch[0m   [1mStatus[0m      [1mHEAD±[0m     [1mmain↕[0m    [1mmain…±[0m    [1mRemote⇅[0m  [1mCommit[0m    [1mAge[0m
@ main         [2m^[22m[2m|[22m                                      [2m|[0m     [2m8dd23db[0m    [2m1d[0m
+ hooks    [36m+[39m[36m![39m  [2m↑[22m       [32m+2[0m        [32m↑1[0m       [32m+12[0m   [31m-7[0m           [2m71fcfa0[0m    [2m2h[0m
+ [2mbilling[0m      [2m_[22m[2m|[22m                                      [2m|[0m     [2m8dd23db[0m    [2m1d[0m
+ alpha     [36m![39m[36m?[39m [2m↑[22m[2m⇡[22m    [32m+106[0m  [31m-14[0m   [32m↑5[0m      [32m+264[0m   [31m-3[0m   [32m⇡1[0m      [2mb1e7fc8[0m    [2m3d[0m
+ beta     [36m+[39m   [2m↓[22m[2m|[22m      [32m+2[0m            [2m[31m↓1[0m                [2m|[0m     [2m604a937[0m    [2m5d[0m

[2m○[22m [2mShowing 5 worktrees, 3 with changes, 2 ahead, hidden: Path, Message[0m
[0m
$ wt list --full
  [1mBranch[0m   [1mStatus[0m      [1mHEAD±[0m     [1mmain↕[0m    [1mmain…±[0m    [1mSummary[0m       [1mRemote⇅[0m  [1mCI[0m
@ main         [2m^[22m[2m|[22m                                                    [2m|[0m     [32m#[0m
+ hooks    [36m+[39m[36m![39m  [2m↑[22m       [32m+2[0m        [32m↑1[0m       [32m+12[0m   [31m-7[0m  Add math op…
+ [2mbilling[0m      [2m_[22m[2m|[22m                                                    [2m|[0m     [32m#6[0m
+ alpha     [36m![39m[36m?[39m [2m↑[22m[2m⇡[22m    [32m+106[0m  [31m-14[0m   [32m↑5[0m      [32m+264[0m   [31m-3[0m  Add utility…   [32m⇡1[0m      [2m[32m#1[0m
+ beta     [36m+[39m   [2m↓[22m[2m|[22m      [32m+2[0m            [2m[31m↓1[0m             Add TODO no…     [2m|[0m     [34m#2[0m

[2m○[22m [2mShowing 5 worktrees, 3 with changes, 2 ahead, hidden: Path, Commit, Age,
  Message[0m
[0m
$ wt list --branches
  [1mBranch[0m        [1mStatus[0m      [1mHEAD±[0m     [1mmain↕[0m    [1mmain…±[0m    [1mRemote⇅[0m  [1mCommit[0m    [1mAge[0m
@ main              [2m^[22m[2m|[22m                                      [2m|[0m     [2m8dd23db[0m    [2m1d[0m
+ hooks         [36m+[39m[36m![39m  [2m↑[22m       [32m+2[0m        [32m↑1[0m       [32m+12[0m   [31m-7[0m           [2m71fcfa0[0m    [2m2h[0m
+ [2mbilling[0m           [2m_[22m[2m|[22m                                      [2m|[0m     [2m8dd23db[0m    [2m1d[0m
+ alpha          [36m![39m[36m?[39m [2m↑[22m[2m⇡[22m    [32m+106[0m  [31m-14[0m   [32m↑5[0m      [32m+264[0m   [31m-3[0m   [32m⇡1[0m      [2mb1e7fc8[0m    [2m3d[0m
+ beta          [36m+[39m   [2m↓[22m[2m|[22m      [32m+2[0m            [2m[31m↓1[0m                [2m|[0m     [2m604a937[0m    [2m5d[0m
[2m/ [0m[2mdocs/readme[0m      [2m/[22m[2m⊂[22m                     [2m[31m↓1[0m                      [2m604a937[0m    [2m5d[0m
[2m/ [0m[2mspike/search[0m     [2m/[22m[2m⊂[22m                     [2m[31m↓1[0m                      [2m604a937[0m    [2m5d[0m

[2m○[22m [2mShowing 5 worktrees, 2 branches, 3 with changes, 2 ahead, hidden: Path,
  Message[0m
[0m[0m
