---
source: src/commands/picker/items.rs
expression: "render_preview_tabs(PreviewMode::WorkingTree,\nTabAvailability::worktree(false, false))"
---
[1m1: HEAD±[22m[0m | 2: log[0m | 3: main…±[0m | [2m4: remote⇅[22m[0m | [2m5: summary[22m[0m | [2m6: pr[22m[0m
[33m[2mEnter: switch | Tab/alt-1…6: preview | alt-c: create | Esc: cancel | ctrl-u/d: scroll | alt-p: toggle[39m[22m[0m
