---
source: src/commands/picker/mod.rs
expression: diagnostic
---
[31m✗[39m [31mWorktree removed @ [1m[WORKTREE][22m; failed to delete branch [1mfeature[22m[39m
[107m [0m error: cannot lock ref 'refs/heads/feature': Unable to create
[107m [0m '[GIT_DIR]/refs/heads/feature.lock':
[107m [0m File exists.
[107m [0m 
[107m [0m Another git process seems to be running in this repository, or the lock file
[107m [0m may be stale
