---
source: src/commands/picker/items.rs
expression: "render_preview_tabs(PreviewMode::Pr, TabAvailability::listed_pr(), WIDE)"
---
[2m1:[22m [2mdiff[22m[0m | [2m2:[22m [2mworking[22m[0m | [2m3:[22m [2mcommitted[22m[0m | 4: [2mlog[22m[0m | [2m5:[22m [2mremote⇅[22m[0m | [2m6:[22m [2msummary[22m[0m | 7: [1mpr[22m[0m | 8: [2mcomments[22m[0m
[36m[2mEnter: switch | ctrl-u/d: scroll | Tab/alt-1…8: preview | alt-c: create | alt-x: remove | alt-y: copy | alt-o: open | alt-r: refresh | alt-p: toggle | Esc: cancel[39m[22m[0m
