---
source: src/commands/picker/items.rs
expression: "render_preview_tabs(mode, wt)"
---
1: HEAD±[0m | 2: log[0m | 3: main…±[0m | 4: remote⇅[0m | [1m5: summary[22m[0m | [2m6: pr[22m[0m
[33m[2mEnter: switch | Tab/alt-1…6: preview | alt-c: create | Esc: cancel | ctrl-u/d: scroll | alt-p: toggle[39m[22m[0m
