---
source: src/commands/list/layout.rs
expression: table
---
  Branch              Status        HEAD±    main↕     main…±  Summary                                                             Remote⇅  CI  Commit    Age   Message
@ main                                                                                                                                |         a620bcfe  1y    Some comm…
+ hourly-maintenance                        ↑2              ⋯                                                                            ⋯      a620bcfe  1y    Some comm…
+ lab-continue                              ↑1  ↓2   +28   -1  Add extend and block insert in Markdown parser                         |         a620bcfe  1y    Some comm…
+ dry-run-pager                             ↑3  ↓1          ⋯                                                                         |         a620bcfe  1y    Some comm…
