---
source: tests/integration_tests/diagnostic.rs
expression: normalize_report(&content)
---
## Diagnostic Report

**Generated:** [TIMESTAMP]
**Context:** Some git operations failed:
  (detached): commit-details (fatal: not a git repository: [REPO_PATH])
  (detached): ahead-behind (fatal: not a git repository: [REPO_PATH])
  (detached): committed-trees-match (fatal: not a git repository: [REPO_PATH])
  (detached): working-tree-diff (fatal: not a git repository: [REPO_PATH])

### What's included

- wt version, OS, git version
- Worktree paths and branch names
- Worktree status (prunable, locked, etc.)
- Shell integration status
- Verbose logs (if run with --verbose)
- Commit messages (in verbose logs)

Does NOT contain: file contents, credentials.

<details>
<summary>Diagnostic data</summary>

```
wt [VERSION] ([OS] [ARCH])
git [GIT_VERSION]
Shell integration: inactive

--- git worktree list --porcelain ---
worktree [PATH]
HEAD [COMMIT]
branch refs/heads/main

worktree [PATH]
HEAD [COMMIT]
```
</details>

<details>
<summary>Verbose log</summary>

[VERBOSE_LOG_CONTENT]
</details>
