---
source: tests/integration_tests/bare_repository.rs
assertion_line: 1213
expression: "&output"
---

[36m❯[39m Bare repo at [1m.git[22m — new worktrees will be at [1m.git.feature-auth[22m
  Place at [1mproject/feature-auth[22m instead? [1m[y/N/?][22m ?
[2m○[22m Would add to [1m[TEMP]/test-config.toml[22m:
[107m [0m [projects."/private[TEMP]/project/.git"]
[107m [0m worktree-path = "../{{ branch | sanitize }}"
[36m❯[39m Bare repo at [1m.git[22m — new worktrees will be at [1m.git.feature-auth[22m
  Place at [1mproject/feature-auth[22m instead? [1m[y/N/?][22m n
[32m✓[39m [32mCreated branch [1mfeature[22m and worktree @ [1m/private[TEMP]/project/.git.feature[22m[39m
[33m▲[39m [33mCannot change directory — ran [BIN][22m; shell integration wraps [1mwt[22m[39m
[2m↳[22m [2mTo change directory, run [4mwt switch feature[24m[22m
