---
source: tests/integration_tests/bare_repository.rs
assertion_line: 1171
expression: "&output"
---

[36m❯[39m Bare repo at [1m.git[22m — new worktrees will be at [1m.git.feature-auth[22m
  Place at [1mproject/feature-auth[22m instead? [1m[y/N/?][22m y
[32m✓[39m [32mSet [1mworktree-path[22m for [1m[TEMP]/project[22m[39m
[2m↳[22m [2mTo set for all projects, add to config:[22m
[107m [0m worktree-path = "../{{ branch | sanitize }}"
[32m✓[39m [32mCreated branch [1mfeature[22m and worktree @ [1m[TEMP]/project/feature[22m[39m
[33m▲[39m [33mCannot change directory — shell integration not installed[39m
[2m↳[22m [2mTo enable automatic cd, run [4mwt config shell install[24m[22m
