---
source: tests/integration_tests/help.rs
info:
  program: wt
  args:
    - config
    - state
    - default-branch
    - "--help"
  env:
    CLICOLOR_FORCE: "1"
    COLUMNS: "150"
    GIT_EDITOR: ""
    SOURCE_DATE_EPOCH: "1735776000"
    WORKTRUNK_CONFIG_PATH: /nonexistent/test/config.toml
---
success: true
exit_code: 0
----- stdout -----

----- stderr -----
wt config state default-branch - Default branch setting

Usage: [1m[36mwt config state default-branch[0m [36m[OPTIONS][0m [36m[COMMAND]

[1m[32mCommands:
  [1m[36mget[0m    Get the default branch
  [1m[36mset[0m    Set the default branch
  [1m[36mclear[0m  Clear the default branch cache

[1m[32mOptions:
  [1m[36m-h[0m, [1m[36m--help
          Print help (see a summary with '-h')

[1m[32mGlobal Options:
  [1m[36m-C[0m[36m [0m[36m<path>
          Working directory for this command

      [1m[36m--config[0m[36m [0m[36m<path>
          User config file path

  [1m[36m-v[0m, [1m[36m--verbose
          Show commands and debug info

Without a subcommand, runs [2mget[0m. For [2m--refresh[0m, use [2mget --refresh[0m.
