---
source: tests/integration_tests/user_hooks.rs
expression: stderr
---
[36m◎[39m [36mRunning pre-merge [1muser:check[22m[39m
[107m [0m [2m[0m[2m[34mexit[0m[2m 7[0m
[36m◎[39m [36mRunning pre-merge [1muser:sibling[22m[39m
[107m [0m [2m[0m[2m[34mtrue[0m
[31m✗[39m [31m[1mpre-merge user:check[22m failed (exit code 7)[39m
