---
source: tests/integration_tests/help.rs
info:
  program: wt
  args:
    - config
    - state
    - previous-branch
    - "--help"
  env:
    CLICOLOR_FORCE: "1"
    COLUMNS: "150"
    GIT_EDITOR: ""
    SOURCE_DATE_EPOCH: "1735776000"
    WORKTRUNK_CONFIG_PATH: /nonexistent/test/config.toml
---
success: true
exit_code: 0
----- stdout -----

----- stderr -----
wt config state previous-branch - Manage previous branch (for [1mwt switch -[0m)

Usage: [1m[36mwt config state previous-branch[0m [36m[OPTIONS][0m [36m<COMMAND>

[1m[32mCommands:
  [1m[36mget[0m    Get the previous branch
  [1m[36mset[0m    Set the previous branch
  [1m[36mclear[0m  Clear the previous branch

[1m[32mOptions:
  [1m[36m-h[0m, [1m[36m--help[0m  Print help

[1m[32mGlobal Options:
  [1m[36m-C[0m[36m [0m[36m<path>[0m            Working directory for this command
      [1m[36m--config[0m[36m [0m[36m<path>[0m  User config file path
  [1m[36m-v[0m, [1m[36m--verbose[0m        Show commands and debug info
