---
source: tests/integration_tests/switch.rs
info:
  program: wt
  args:
    - switch
    - "--create"
    - exec-test
    - "--execute"
    - "echo 'test output'"
  env:
    CLICOLOR_FORCE: "1"
    GIT_AUTHOR_DATE: "2025-01-01T00:00:00Z"
    GIT_COMMITTER_DATE: "2025-01-01T00:00:00Z"
    GIT_CONFIG_GLOBAL: /dev/null
    GIT_CONFIG_SYSTEM: /dev/null
    GIT_EDITOR: ""
    LANG: C
    LC_ALL: C
    SOURCE_DATE_EPOCH: "1704067200"
---
success: true
exit_code: 0
----- stdout -----
test output
Created new branch and worktree for 'exec-test' at [REPO].exec-test

To enable automatic cd, run: wt configure-shell

----- stderr -----
