---
source: tests/integration_tests/post_start_commands.rs
info:
  program: wt
  args:
    - switch
    - "--create"
    - feature
    - "--force"
  env:
    CLICOLOR_FORCE: "1"
    COLUMNS: "150"
    GIT_AUTHOR_DATE: "2025-01-01T00:00:00Z"
    GIT_COMMITTER_DATE: "2025-01-01T00:00:00Z"
    GIT_CONFIG_GLOBAL: "[TEST_GIT_CONFIG]"
    GIT_CONFIG_SYSTEM: /dev/null
    GIT_EDITOR: ""
    HOME: "[TEST_HOME]"
    LANG: C
    LC_ALL: C
    SOURCE_DATE_EPOCH: "1735776000"
    USERPROFILE: "[TEST_HOME]"
    WORKTRUNK_CONFIG_PATH: "[TEST_CONFIG]"
---
success: true
exit_code: 0
----- stdout -----

----- stderr -----
🔄 [36mRunning project post-create [1mcommit[22m:[39m
[107m [0m  [2m[0m[2m[34mecho[0m[2m [0m[2m[32m'Commit: 549b3f44d1c4dfb3c7a36090fda2db14ff8b90df'[0m[2m [0m[2m[36m>[0m[2m git_vars.txt
[0m🔄 [36mRunning project post-create [1mshort[22m:[39m
[107m [0m  [2m[0m[2m[34mecho[0m[2m [0m[2m[32m'Short: 549b3f4'[0m[2m [0m[2m[36m>>[0m[2m git_vars.txt
[0m🔄 [36mRunning project post-create [1mremote[22m:[39m
[107m [0m  [2m[0m[2m[34mecho[0m[2m [0m[2m[32m'Remote: origin'[0m[2m [0m[2m[36m>>[0m[2m git_vars.txt
[0m🔄 [36mRunning project post-create [1mworktree_name[22m:[39m
[107m [0m  [2m[0m[2m[34mecho[0m[2m [0m[2m[32m'Worktree Name: repo.feature'[0m[2m [0m[2m[36m>>[0m[2m git_vars.txt
[0m✅ [32m[32mCreated new worktree for [1mfeature[22m from [1mmain[22m at [1m[REPO].feature[39m[22m[39m
💡 [2mRun [90mwt config shell install[39m to enable automatic cd[22m
