---
source: tests/integration_tests/select.rs
expression: normalized
---
> [QUERY]                                                     │[PREVIEW_HEADER]
    Branch  Status        HEAD±    main↕  Path  Remote⇅  Com│Enter: switch | Esc: cancel | ctrl-u/d: scroll | alt-p: tog
> @ main        ^                         .              a..│
                                                            │⚪ main has no uncommitted changes
                                                            │
                                                            │
                                                            │
                                                            │
                                                            │
                                                            │
                                                            │
                                                            │
                                                            │
                                                            │
                                                            │
                                                            │
                                                            │
                                                            │
                                                            │
                                                            │
                                                            │
                                                            │
                                                            │
                                                            │
                                                            │
                                                            │
                                                            │
