---
source: tests/integration_tests/select.rs
expression: normalized
---
>                                                           │                                                       3/4
    Branch  Status         HEAD±    main↕  Path  Remote⇅  Co│No uncommitted changes
> @ main        ^                          .              ..│
                                                            │
                                                            │
                                                            │
                                                            │
                                                            │
                                                            │
                                                            │
                                                            │
                                                            │
                                                            │
                                                            │
                                                            │
                                                            │
                                                            │
                                                            │
                                                            │
                                                            │
                                                            │
                                                            │
                                                            │
                                                            │
                                                            │
                                                            │
                                                            │
