---
source: tests/integration_tests/select.rs
expression: normalized
---
> [QUERY]                                                     │[PREVIEW_HEADER]
    Branch   Status        HEAD±    main↕  Path            R│Enter: switch | Esc: cancel | ctrl-u/d: scroll | alt-p: tog
> + feature      ↑                 ↑5      ./repo.feature ..│
                                                            │* 4ac610b  1d (feature) Add file 5 with important changes
                                                            │* f68805a  1d Add file 4 with important changes
                                                            │* ae793ef  1d Add file 3 with important changes
                                                            │* 258fa75  1d Add file 2 with important changes
                                                            │* d3b6cb8  1d Add file 1 with important changes
                                                            │* a1e809f  1d Initial commit
                                                            │
                                                            │
                                                            │
                                                            │
                                                            │
                                                            │
                                                            │
                                                            │
                                                            │
                                                            │
                                                            │
                                                            │
                                                            │
                                                            │
                                                            │
                                                            │
                                                            │
                                                            │
