---
source: tests/integration_tests/config_show_theme.rs
info:
  program: wt
  args:
    - config
    - shell
    - show-theme
  env:
    CLICOLOR_FORCE: "1"
    COLUMNS: "150"
    GIT_EDITOR: ""
    SOURCE_DATE_EPOCH: "1735776000"
    WORKTRUNK_CONFIG_PATH: /nonexistent/test/config.toml
---
success: true
exit_code: 0
----- stdout -----

----- stderr -----
🔄 [36mRebasing [1mfeature[22m onto [1mmain[22m...[39m
✅ [32mCreated worktree for [1mfeature[22m @ [1m/path/to/worktree[22m[39m
❌ [31mBranch [1mfeature[22m not found[39m
🟡 [33mBranch [1mfeature[22m has uncommitted changes[39m
💡 [2mTo rebase onto main, run [90mwt merge[39m[22m
⚪ Showing [1m5[22m worktrees

⚪ Gutter formatting (quoted content):
[107m [0m  [commit-generation]
[107m [0m  command = "llm --model claude"

⚪ Gutter formatting (shell code):
[107m [0m  [2m[0m[2m[34meval[0m[2m [0m[2m[32m"$([0m[2m[34mwt[0m[2m config shell init bash)"[0m[2m[0m

⚪ Prompt formatting:
❓ Proceed? [y/N]
